python : 
test_initialization (t
est_bot_logic.TestChat
Bot.test_initializatio
n) ... ok
At line:1 char:1
+ python -m unittest 
-v test_bot_logic.py 
> test_output.txt 2>&1
+ ~~~~~~~~~~~~~~~~~~~~
~~~~~~~~~~~~~~~~~~~~~~
~~~~~~~~~~~~~~~~~~~~
    + CategoryInfo    
          : NotSpeci  
  fied: (test_initi   
 aliza...ization)     
... ok:String) []    
, RemoteException
    + FullyQualifiedE 
   rrorId : NativeCo  
  mmandError
 
test_known_query (test
_bot_logic.TestChatBot
.test_known_query) 
... FAIL
test_threshold (test_b
ot_logic.TestChatBot.t
est_threshold) ... ok
test_unknown_query (te
st_bot_logic.TestChatB
ot.test_unknown_query)
 ... ok

======================
======================
======================
====
FAIL: 
test_known_query (test
_bot_logic.TestChatBot
.test_known_query)
----------------------
----------------------
----------------------
----
Traceback (most 
recent call last):
  File "C:\Users\Admin
\Downloads\customer_su
pport_system\test_bot_
logic.py", line 18, 
in test_known_query
    self.assertIn("del
ivered", 
response.lower())
    ~~~~~~~~~~~~~^^^^^
^^^^^^^^^^^^^^^^^^^^^^
^^^^
AssertionError: 
'delivered' not found 
in "if the order 
hasn't been 
dispatched, you can 
use the cancel button 
in 'my orders'. 
cancellation is not 
allowed after 
dispatch, but you can 
return it."

----------------------
----------------------
----------------------
----
Ran 4 tests in 0.040s

FAILED (failures=1)
ChatBot initialized and data loaded successfully.
ChatBot initialized and data loaded successfully.
ChatBot initialized and data loaded successfully.
ChatBot initialized and data loaded successfully.
